Loading Bazi Engines...
 - Loading lunar.js...
 - Loading bazi_core.js...
 - Loading decision_engine.js...
 - Loading bazi_logic.js...
node : Failed to load 
engines: evalmachine.<
anonymous>:1
所在位置 行:1 字符: 1
+ node stress_test_nar
rative.js > test_error
.log 2>&1
+ ~~~~~~~~~~~~~~~~~~~~
~~~~~~~~~~~~~~~~~~~~~~
~~~~~~~~~
    + CategoryInfo    
          : NotSpeci  
  fied: (Failed to    
 load ...e.<anonym    
ous>:1:String) []    ,
 RemoteException
    + FullyQualifiedE 
   rrorId : NativeCo  
  mmandError
 
// import { Solar, Lun
ar } from 'lunar-javas
cript';
^

SyntaxError: Identifie
r 'GAN' has already be
en declared
    at Script.runInThi
sContext (node:vm:137:
12)
    at loadScript (E:\
SD\bazi\ai\sanbanfu\ba
zi_ai_bridge.js:55:12)
    at Object.<anonymo
us> (E:\SD\bazi\ai\san
banfu\bazi_ai_bridge.j
s:90:5)
    at Module._compile
 (node:internal/module
s/cjs/loader:1759:14)
    at Object..js (nod
e:internal/modules/cjs
/loader:1892:10)
    at Module.load (no
de:internal/modules/cj
s/loader:1479:32)
    at Module._load (n
ode:internal/modules/c
js/loader:1298:12)
    at TracingChannel.
traceSync (node:diagno
stics_channel:328:14)
    at wrapModuleLoad 
(node:internal/modules
/cjs/loader:244:24)
    at Module.require 
(node:internal/modules
/cjs/loader:1502:12)
